<?xml version="1.0" encoding="UTF-8"?>
<beans xmlns="http://www.springframework.org/schema/beans"
	xmlns:xsi="http://www.w3.org/2001/XMLSchema-instance"
	xsi:schemaLocation="http://www.springframework.org/schema/beans http://www.springframework.org/schema/beans/spring-beans.xsd">

	<bean name="idGnrService" class="org.egovframe.rte.fdl.idgnr.impl.EgovUUIdGnrServiceImpl">
	    <property name="address">
	        <value>12:34:56:78:9A:AB</value>
	    </property>		
	</bean>   

</beans>
