package egovframework.example.config;

import org.egovframe.rte.fdl.property.impl.EgovPropertyServiceImpl;
import org.springframework.context.annotation.Bean;
import org.springframework.context.annotation.Configuration;

import java.util.HashMap;
import java.util.HashSet;
import java.util.Map;
import java.util.Set;

@Configuration
public class context-properties {

    @Bean(name = "propertiesService", destroyMethod = "destroy")
    public EgovPropertyServiceImpl egovPropertyService() {
        EgovPropertyServiceImpl egovPropertyService = new EgovPropertyServiceImpl();
        
        // properties 설정
        Map<String, String> properties = new HashMap<>();
        properties.put("pageUnit", "20");
        egovPropertyService.setProperties(properties);

        
        return egovPropertyService;
    }
}
