Configuration:
  Appenders:
    RollingFile:
      name: rolling-file-time
      fileName: "./logs/time/timeBasedRollingSample.log"
      filePattern: "./logs/time/timeBasedRollingSample.%d{yyyy-MM-dd_HH-mm}.log"
      PatternLayout:
        pattern: "%d %5p [%c] %m%n"
      Policies:
        TimeBasedTriggeringPolicy:
          interval: 1
          modulate: true

  Loggers:
    Logger:
      - name: "egovframework"
        level: DEBUG
        additivity: false
        appenderRef:
          - ref: rolling-file-time
      - name: "org.egovframe"
        level: DEBUG
        additivity: false
        appenderRef:
          - ref: rolling-file-time
      - name: "org.springframework"
        level: DEBUG
        additivity: false
        appenderRef:
          - ref: rolling-file-time

    Root:
      level: INFO
      appenderRef:
        - ref: rolling-file-time