package egovframework.example.sample.service;

import org.egovframe.rte.ptl.reactive.validation.EgovNullCheck;

/**
 * @Class Name : BoardArticleVO.java
 * @Description : BoardArticleVO Class
 * @Modification Information
 * @
 * @  수정일      수정자              수정내용
 * @ ---------   ---------   -------------------------------
 * @ 2026-07-16   author   최초생성
 *
 * @author author
 * @since 2026-07-16
 * @version 1.0.0
 * @see
 *
 *  Copyright (C) All right reserved.
 */
public class BoardArticleVO extends BoardArticleDefaultVO {

	private static final long serialVersionUID = 1L;

	/** article_id */
	private java.lang.Integer articleId;

	/** title */
	// @EgovNullCheck(message="title is required") // egovframe-Todo: Null Check 적용시 좌측 주석 코드 참고
	private java.lang.String title;

	/** content */
	// @EgovNullCheck(message="content is required") // egovframe-Todo: Null Check 적용시 좌측 주석 코드 참고
	private java.lang.String content;

	/** view_count */
	// @EgovNullCheck(message="viewCount is required") // egovframe-Todo: Null Check 적용시 좌측 주석 코드 참고
	private java.lang.Integer viewCount;

	/** created_at */
	// @EgovNullCheck(message="createdAt is required") // egovframe-Todo: Null Check 적용시 좌측 주석 코드 참고
	private java.util.Date createdAt;

	/** price */
	// @EgovNullCheck(message="price is required") // egovframe-Todo: Null Check 적용시 좌측 주석 코드 참고
	private java.math.BigDecimal price;

	/** use_yn */
	// @EgovNullCheck(message="useYn is required") // egovframe-Todo: Null Check 적용시 좌측 주석 코드 참고
	private java.lang.String useYn;

	/** writer_name */
	// @EgovNullCheck(message="writerName is required") // egovframe-Todo: Null Check 적용시 좌측 주석 코드 참고
	private java.lang.String writerName;

	public java.lang.Integer getArticleId() {
		return articleId;
	}

	public void setArticleId(java.lang.Integer articleId) {
		this.articleId = articleId;
	}

	public java.lang.String getTitle() {
		return title;
	}

	public void setTitle(java.lang.String title) {
		this.title = title;
	}

	public java.lang.String getContent() {
		return content;
	}

	public void setContent(java.lang.String content) {
		this.content = content;
	}

	public java.lang.Integer getViewCount() {
		return viewCount;
	}

	public void setViewCount(java.lang.Integer viewCount) {
		this.viewCount = viewCount;
	}

	public java.util.Date getCreatedAt() {
		return createdAt;
	}

	public void setCreatedAt(java.util.Date createdAt) {
		this.createdAt = createdAt;
	}

	public java.math.BigDecimal getPrice() {
		return price;
	}

	public void setPrice(java.math.BigDecimal price) {
		this.price = price;
	}

	public java.lang.String getUseYn() {
		return useYn;
	}

	public void setUseYn(java.lang.String useYn) {
		this.useYn = useYn;
	}

	public java.lang.String getWriterName() {
		return writerName;
	}

	public void setWriterName(java.lang.String writerName) {
		this.writerName = writerName;
	}

}
